networks rebuilt byte-identical to the deposit
10 kb clusters: 35 clusters, 125 miRNAs, sizes [(2, 19), (3, 10), (4, 1), (5, 3), (10, 1), (28, 1)]
CHECK observed: base counts equal the network builder's for all twelve networks: True
observed merged-graph five- and six-node instances: 5node_miRNA_FFL 0, 5node_TF_FFL 0, 5node_composite_FFL 0, 6node_miRNA_FFL 0, 6node_TF_FFL 0, 6node_composite_FFL 0
CHECK NULL-B: 1000 replicates; base counts equal to the C program on every replicate and network: True (0 differences)
CHECK NULL-C: 1000 replicates; base counts equal to the C program on every replicate and network: True (0 differences)
CHECK NULL-L: 1000 replicates; base counts equal to the C program on every replicate and network: True (0 differences)

variant             network     count  observed  NULL_B_ratio  NULL_B_p_upper  NULL_C_ratio  NULL_C_p_upper  NULL_C_p_lower  NULL_L_ratio  NULL_L_p_upper  NULL_L_p_lower                                                decision
noMIR17     3node_miRNA_FFL instances    1153.0      1.030278        0.222777      1.428782        0.000999        1.000000      1.000000        1.000000        1.000000                       explained by the three-node cores
noMIR17     3node_miRNA_FFL node sets    1153.0      1.030278        0.222777      1.428782        0.000999        1.000000      1.000000        1.000000        1.000000                       explained by the three-node cores
clusets     3node_miRNA_FFL node sets     929.0      0.824645        1.000000      1.148926        0.004995        0.996004      1.000000        1.000000        1.000000                       explained by the three-node cores
noMIR17        3node_TF_FFL instances    1011.0      1.056259        0.094905      1.435994        0.000999        1.000000      1.000000        1.000000        1.000000                       explained by the three-node cores
noMIR17        3node_TF_FFL node sets    1011.0      1.056259        0.094905      1.435994        0.000999        1.000000      1.000000        1.000000        1.000000                       explained by the three-node cores
clusets        3node_TF_FFL node sets     844.0      0.876853        1.000000      1.196701        0.000999        1.000000      1.000000        1.000000        1.000000                       explained by the three-node cores
noMIR17 3node_composite_FFL instances    1002.0      1.065560        0.060939      1.445060        0.000999        1.000000      1.000000        1.000000        1.000000                       explained by the three-node cores
noMIR17 3node_composite_FFL node sets    1002.0      1.065560        0.060939      1.445060        0.000999        1.000000      1.000000        1.000000        1.000000                       explained by the three-node cores
clusets 3node_composite_FFL node sets     835.0      0.882859        0.999001      1.201992        0.000999        1.000000      1.000000        1.000000        1.000000                       explained by the three-node cores
noMIR17     4node_miRNA_FFL instances    2260.0      0.959478        0.691309      1.329894        0.000999        1.000000      0.991584        0.558442        0.447552                       explained by the three-node cores
noMIR17     4node_miRNA_FFL node sets    2236.0      0.957139        0.714286      1.323236        0.000999        1.000000      0.987586        0.592408        0.411588                       explained by the three-node cores
clusets     4node_miRNA_FFL node sets    1866.0      0.790577        1.000000      1.095308        0.134865        0.867133      0.979946        0.655345        0.350649  none of the three (not over-represented, not depleted)
noMIR17        4node_TF_FFL instances    1838.0      0.913240        0.872128      1.240245        0.005994        0.995005      0.998560        0.490509        0.511489                       explained by the three-node cores
noMIR17        4node_TF_FFL node sets    1815.0      0.909841        0.882118      1.232125        0.007992        0.993007      0.993720        0.547453        0.461538                       explained by the three-node cores
clusets        4node_TF_FFL node sets    1563.0      0.776502        1.000000      1.052403        0.269730        0.732268      0.993954        0.541459        0.461538  none of the three (not over-represented, not depleted)
noMIR17 4node_composite_FFL instances    1802.0      0.911795        0.877123      1.234554        0.008991        0.993007      0.994718        0.527473        0.482517                       explained by the three-node cores
noMIR17 4node_composite_FFL node sets    1779.0      0.908149        0.892108      1.226141        0.011988        0.990010      0.989668        0.566434        0.437562                       explained by the three-node cores
clusets 4node_composite_FFL node sets    1527.0      0.772359        1.000000      1.043646        0.306693        0.697303      0.989042        0.578422        0.426573  none of the three (not over-represented, not depleted)
noMIR17     5node_miRNA_FFL instances    1443.0      2.208502        0.000999      3.018134        0.000999        1.000000      4.559458        0.000999        1.000000                                        over-represented
noMIR17     5node_miRNA_FFL node sets     967.0      1.551629        0.007992      2.133358        0.000999        1.000000      3.238207        0.000999        1.000000                                        over-represented
clusets     5node_miRNA_FFL node sets     688.0      1.050544        0.354645      1.468586        0.001998        0.999001      2.223271        0.000999        1.000000                                        over-represented
noMIR17        5node_TF_FFL instances    1111.0      2.139773        0.000999      2.842021        0.000999        1.000000      5.463084        0.000999        1.000000                                        over-represented
noMIR17        5node_TF_FFL node sets     770.0      1.543210        0.007992      2.065717        0.000999        1.000000      3.922368        0.000999        1.000000                                        over-represented
clusets        5node_TF_FFL node sets     602.0      1.114225        0.215784      1.498817        0.002997        0.998002      2.570112        0.000999        1.000000                                        over-represented
noMIR17 5node_composite_FFL instances    1111.0      2.153656        0.000999      2.858966        0.000999        1.000000      5.488181        0.000999        1.000000                                        over-represented
noMIR17 5node_composite_FFL node sets     770.0      1.552435        0.007992      2.076149        0.000999        1.000000      3.938740        0.000999        1.000000                                        over-represented
clusets 5node_composite_FFL node sets     602.0      1.118024        0.208791      1.503144        0.002997        0.998002      2.578457        0.000999        1.000000                                        over-represented
noMIR17     6node_miRNA_FFL instances    8002.0      1.688135        0.002997      1.860086        0.000999        1.000000      3.750226        0.000999        1.000000                                        over-represented
noMIR17     6node_miRNA_FFL node sets    5300.0      1.198798        0.140859      1.309861        0.063936        0.937063      2.731369        0.000999        1.000000  none of the three (not over-represented, not depleted)
clusets     6node_miRNA_FFL node sets    4041.0      0.907764        0.712288      0.975467        0.531469        0.470529      2.025749        0.000999        1.000000  none of the three (not over-represented, not depleted)
noMIR17        6node_TF_FFL instances    9794.0      1.987431        0.001998      2.141907        0.000999        1.000000      4.196203        0.000999        1.000000                                        over-represented
noMIR17        6node_TF_FFL node sets    6522.0      1.426053        0.020979      1.535348        0.009990        0.991009      3.112675        0.000999        1.000000                                        over-represented
clusets        6node_TF_FFL node sets    4810.0      1.060000        0.328671      1.124005        0.215784        0.785215      2.324858        0.000999        1.000000  none of the three (not over-represented, not depleted)
noMIR17 6node_composite_FFL instances    2170.0      2.201434        0.003996      2.151184        0.001998        0.999001      3.429095        0.000999        1.000000                                        over-represented
noMIR17 6node_composite_FFL node sets    1529.0      1.698630        0.026973      1.635551        0.020979        0.980020      2.704553        0.000999        1.000000                                        over-represented
clusets 6node_composite_FFL node sets    1151.0      1.279405        0.156843      1.191982        0.207792        0.794206      2.112093        0.000999        1.000000  none of the three (not over-represented, not depleted)
 merged     3node_miRNA_FFL instances    1087.0      0.661065        1.000000      0.919625        0.938062        0.063936      1.000000        1.000000        1.000000  none of the three (not over-represented, not depleted)
 merged     3node_miRNA_FFL node sets    1087.0      0.661065        1.000000      0.919625        0.938062        0.063936      1.000000        1.000000        1.000000  none of the three (not over-represented, not depleted)
 merged        3node_TF_FFL instances     999.0      0.727527        1.000000      0.999047        0.503497        0.506494      1.000000        1.000000        1.000000  none of the three (not over-represented, not depleted)
 merged        3node_TF_FFL node sets     999.0      0.727527        1.000000      0.999047        0.503497        0.506494      1.000000        1.000000        1.000000  none of the three (not over-represented, not depleted)
 merged 3node_composite_FFL instances     990.0      0.730574        1.000000      1.001573        0.491508        0.515485      1.000000        1.000000        1.000000  none of the three (not over-represented, not depleted)
 merged 3node_composite_FFL node sets     990.0      0.730574        1.000000      1.001573        0.491508        0.515485      1.000000        1.000000        1.000000  none of the three (not over-represented, not depleted)
 merged     4node_miRNA_FFL instances    2317.0      0.653539        1.000000      0.908505        0.857143        0.146853      0.973532        0.715285        0.287712  none of the three (not over-represented, not depleted)
 merged     4node_miRNA_FFL node sets    2289.0      0.659835        1.000000      0.911370        0.853147        0.151848      0.970295        0.733267        0.268731  none of the three (not over-represented, not depleted)
 merged        4node_TF_FFL instances    1970.0      0.667182        1.000000      0.914101        0.840160        0.163836      0.987856        0.588412        0.415584  none of the three (not over-represented, not depleted)
 merged        4node_TF_FFL node sets    1943.0      0.673975        1.000000      0.916619        0.838162        0.163836      0.984249        0.616384        0.387612  none of the three (not over-represented, not depleted)
 merged 4node_composite_FFL instances    1942.0      0.666591        1.000000      0.911361        0.847153        0.155844      0.985868        0.610390        0.396603  none of the three (not over-represented, not depleted)
 merged 4node_composite_FFL node sets    1915.0      0.673354        1.000000      0.913772        0.841159        0.160839      0.982104        0.645355        0.363636  none of the three (not over-represented, not depleted)
 merged     5node_miRNA_FFL instances       0.0      0.000000        1.000000      0.000000        1.000000        0.000999      0.000000        1.000000        0.000999 not tested (zero on the observed graph by construction)
 merged     5node_miRNA_FFL node sets       0.0      0.000000        1.000000      0.000000        1.000000        0.000999      0.000000        1.000000        0.000999 not tested (zero on the observed graph by construction)
 merged        5node_TF_FFL instances       0.0      0.000000        1.000000      0.000000        1.000000        0.000999      0.000000        1.000000        0.000999 not tested (zero on the observed graph by construction)
 merged        5node_TF_FFL node sets       0.0      0.000000        1.000000      0.000000        1.000000        0.000999      0.000000        1.000000        0.000999 not tested (zero on the observed graph by construction)
 merged 5node_composite_FFL instances       0.0      0.000000        1.000000      0.000000        1.000000        0.000999      0.000000        1.000000        0.000999 not tested (zero on the observed graph by construction)
 merged 5node_composite_FFL node sets       0.0      0.000000        1.000000      0.000000        1.000000        0.000999      0.000000        1.000000        0.000999 not tested (zero on the observed graph by construction)
 merged     6node_miRNA_FFL instances       0.0      0.000000        1.000000      0.000000        1.000000        0.000999      0.000000        1.000000        0.000999 not tested (zero on the observed graph by construction)
 merged     6node_miRNA_FFL node sets       0.0      0.000000        1.000000      0.000000        1.000000        0.000999      0.000000        1.000000        0.000999 not tested (zero on the observed graph by construction)
 merged        6node_TF_FFL instances       0.0      0.000000        1.000000      0.000000        1.000000        0.000999      0.000000        1.000000        0.000999 not tested (zero on the observed graph by construction)
 merged        6node_TF_FFL node sets       0.0      0.000000        1.000000      0.000000        1.000000        0.000999      0.000000        1.000000        0.000999 not tested (zero on the observed graph by construction)
 merged 6node_composite_FFL instances       0.0      0.000000        1.000000      0.000000        1.000000        0.000999      0.000000        1.000000        0.000999 not tested (zero on the observed graph by construction)
 merged 6node_composite_FFL node sets       0.0      0.000000        1.000000      0.000000        1.000000        0.000999      0.000000        1.000000        0.000999 not tested (zero on the observed graph by construction)
