### jam_01_search.R
[11:42:26] network: 587 nodes, 5606 undirected edges, 1 component(s)
[11:42:30] z over all 20745 measured features: mean 5.97 vs network nodes 7.34
[11:42:30] variant primary: 10 seeds x 5 modules, 200000 iterations, null=sets
[11:42:41]    seed 1: top size 229 score 19.8  (10.9s)
[11:42:53]    seed 2: top size 229 score 19.72  (11.6s)
[11:43:04]    seed 3: top size 217 score 19.79  (11.1s)
[11:43:17]    seed 4: top size 2 score 4.21  (13.1s)
[11:43:28]    seed 5: top size 255 score 19.68  (10.7s)
[11:43:39]    seed 6: top size 229 score 19.8  (10.9s)
[11:43:49]    seed 7: top size 256 score 19.6  (10.8s)
[11:44:01]    seed 8: top size 257 score 5  (11.4s)
[11:44:12]    seed 9: top size 229 score 19.71  (11s)
[11:44:22]    seed 10: top size 255 score 19.74  (10.3s)
[11:44:22] variant S1_genes_only: 5 seeds x 3 modules, 200000 iterations, null=sets
[11:44:28]    seed 1: top size 210 score 20.32  (6.3s)
[11:44:35]    seed 2: top size 209 score 20.17  (6.3s)
[11:44:41]    seed 3: top size 213 score 20.26  (6.2s)
[11:44:48]    seed 4: top size 210 score 20.08  (6.8s)
[11:44:54]    seed 5: top size 210 score 20.16  (6.9s)
[11:44:54] variant S2_raw_p: 5 seeds x 3 modules, 200000 iterations, null=sets
[11:45:02]    seed 1: top size 229 score 19.77  (7.2s)
[11:45:09]    seed 2: top size 229 score 19.67  (7.6s)
[11:45:16]    seed 3: top size 229 score 19.78  (7.1s)
[11:45:24]    seed 4: top size 225 score 19.79  (7.2s)
[11:45:31]    seed 5: top size 255 score 19.7  (7.3s)
[11:45:31] variant S3_indep_null: 5 seeds x 3 modules, 200000 iterations, null=indep
[11:45:44]    seed 1: top size 1 score 3.29  (12.7s)
[11:45:56]    seed 2: top size 1 score 3.29  (12.6s)
[11:46:06]    seed 3: top size 1 score 3.29  (9.9s)
[11:46:19]    seed 4: top size 1 score 3.29  (12.7s)
[11:46:30]    seed 5: top size 1 score 3.29  (10.9s)
[11:46:30] variant S4_connected_null: 5 seeds x 3 modules, 200000 iterations, null=connected
[11:46:37]    seed 1: top size 292 score 22.58  (6.8s)
[11:46:43]    seed 2: top size 292 score 22.56  (6.8s)
[11:46:50]    seed 3: top size 296 score 22.59  (6.8s)
[11:46:57]    seed 4: top size 292 score 22.58  (6.9s)
[11:47:04]    seed 5: top size 292 score 22.58  (6.9s)
[11:47:04] variant S5a_iters_2e4: 5 seeds x 3 modules, 20000 iterations, null=sets
[11:47:05]    seed 1: top size 1 score 3.27  (1s)
[11:47:06]    seed 2: top size 229 score 19.68  (0.8s)
[11:47:06]    seed 3: top size 255 score 19.73  (0.7s)
[11:47:07]    seed 4: top size 256 score 19.68  (0.8s)
[11:47:08]    seed 5: top size 1 score 3.27  (1s)
[11:47:08] variant S5b_iters_1e6: 5 seeds x 3 modules, 1000000 iterations, null=sets
[11:47:44]    seed 1: top size 217 score 19.82  (36.2s)
[11:48:20]    seed 2: top size 229 score 19.81  (35.5s)
[11:48:56]    seed 3: top size 217 score 19.77  (36.1s)
[11:49:32]    seed 4: top size 229 score 19.79  (35.7s)
[11:50:07]    seed 5: top size 229 score 19.8  (35.8s)
[11:50:07] variant S6_signed_z: 5 seeds x 3 modules, 200000 iterations, null=sets
[11:50:14]    seed 1: top size 319 score 19.51  (6.4s)
[11:50:20]    seed 2: top size 309 score 19.5  (6.5s)
[11:50:27]    seed 3: top size 309 score 19.52  (6.5s)
[11:50:33]    seed 4: top size 319 score 19.53  (6.3s)
[11:50:39]    seed 5: top size 319 score 19.53  (6.4s)
[11:50:39] variant S7_transcriptome_null: 5 seeds x 3 modules, 200000 iterations, null=transcriptome
[11:50:47]    seed 1: top size 174 score 20.77  (7.4s)
[11:50:54]    seed 2: top size 172 score 20.81  (7.5s)
[11:51:02]    seed 3: top size 174 score 20.81  (7.4s)
[11:51:09]    seed 4: top size 179 score 20.83  (7.4s)
[11:51:17]    seed 5: top size 179 score 20.81  (7.4s)
[11:51:17] DONE: 170 modules over 9 variants
### jam_02_characterise.R
Warning message:
In split.default(unique(hm$gene_symbol), hm$gs_name) :
  data length is not a multiple of split variable
                  set     k n_components connected    mean_z    agg_z
               <char> <int>        <num>    <lgcl>     <num>    <num>
1: paper_MS_module_10    10            1      TRUE  4.736865 14.97928
2:     prioritised_30    30            7     FALSE 12.670986 69.40185
3:    collagen_axis_5     5            1      TRUE  5.532347 12.37070
4:    TF_collagen_arm     6            1      TRUE  7.605823 18.63039
5:        mir101_EZH2     2            1      TRUE 14.124284 19.97475
   score_sets_null score_connected_null best_jam_score
             <num>                <num>          <num>
1:      -1.4042420          -1.41770664       19.79837
2:       5.1229340           4.99599129       19.79837
3:      -0.6947618          -0.70532639       19.79837
4:       0.1131756           0.08785259       19.79837
5:       1.6628174           1.61841494       19.79837
   variant  rank n_seeds size_min size_med size_max jaccard_mean jaccard_min
    <char> <int>   <int>    <int>    <num>    <int>        <num>       <num>
1: primary     1      10        2      229      257    0.6294780 0.003875969
2: primary     2      10        1        1      229    0.6223193 0.000000000
3: primary     3      10        1        1        1    0.4666667 0.000000000
4: primary     4      10        1        1        1    0.0000000 0.000000000
5: primary     5      10        1        1        1    0.0000000 0.000000000
   jaccard_max n_union n_core_all_seeds   frac_core
         <num>   <int>            <int>       <num>
1:   0.9767442     380                1 0.002631579
2:   1.0000000     230                0 0.000000000
3:   1.0000000       4                0 0.000000000
4:   0.0000000      10                0 0.000000000
5:   0.0000000      10                0 0.000000000
                  module              gene_set n_module n_set n_universe
                  <char>                <char>    <int> <int>      <int>
 1: consensus_top_module       paper_MS_module        1    10        587
 2: consensus_top_module        prioritised_30        1    30        587
 3: consensus_top_module      farmer_stroma_50        1    13        364
 4: consensus_top_module          CAF_scRNA_50        1     0        364
 5: consensus_top_module            named_axes        1    11        587
 6: consensus_top_module          HALLMARK_EMT        1    47        364
 7: consensus_top_module          HALLMARK_E2F        1     9        364
 8: consensus_top_module          HALLMARK_G2M        1    11        364
 9: consensus_top_module       HALLMARK_MYC_V1        1     5        364
10: consensus_top_module HALLMARK_ANGIOGENESIS        1     8        364
11: consensus_top_module     HALLMARK_TGF_BETA        1    12        364
    overlap   expected  fold p_hyper members
      <int>      <num> <num>   <num>  <char>
 1:       0 0.01703578     0       1        
 2:       0 0.05110733     0       1        
 3:       0 0.03571429     0       1        
 4:       0 0.00000000   NaN       1        
 5:       0 0.01873935     0       1        
 6:       0 0.12912088     0       1        
 7:       0 0.02472527     0       1        
 8:       0 0.03021978     0       1        
 9:       0 0.01373626     0       1        
10:       0 0.02197802     0       1        
11:       0 0.03296703     0       1        
[11:51:21] consensus module size 1
                    set     k    min_z median_z n_components    score
                 <char> <int>    <num>    <num>        <num>    <num>
1: consensus_top_module     1 26.50876 26.50876            1 3.273209
2:     top_k_nodes_by_z     1 26.50876 26.50876            1 3.273209
   jaccard_with_topk_by_z
                    <num>
1:                      1
2:                      1
[11:51:21] AUC of z for top-module membership: 0.848
Key: <variant>
                 variant mean_fold_proliferation mean_fold_stroma
                  <char>                   <num>            <num>
1:         S1_genes_only                1.241930        1.2582560
2:              S2_raw_p                1.434961        1.0332447
3:         S3_indep_null                0.000000        0.0000000
4:     S4_connected_null                1.281357        1.1475243
5:         S5a_iters_2e4                0.000000        0.0000000
6:         S5b_iters_1e6                1.405676        1.0385005
7:           S6_signed_z                1.787567        1.2532434
8: S7_transcriptome_null                1.505145        0.9405955
9:               primary                0.000000        0.0000000
   min_p_proliferation min_p_stroma
                 <num>        <num>
1:         0.051437694  0.006337669
2:         0.090706859  0.045313278
3:         1.000000000  1.000000000
4:         0.040813100  0.042702112
5:         1.000000000  1.000000000
6:         0.100693417  0.050311360
7:         0.008476041  0.018766344
8:         0.117227551  0.018271436
9:         1.000000000  1.000000000
           node   type          z in_consensus n_seeds in_prioritised_30
         <char> <char>      <num>       <lgcl>   <int>            <lgcl>
 1:      COL1A1   Gene 14.8140510        FALSE       9              TRUE
 2:      COL3A1   Gene  8.4789763        FALSE       7             FALSE
 3:         SP1     TF  7.5843597        FALSE       8             FALSE
 4:  hsa-let-7b  miRNA  6.5126794        FALSE       1             FALSE
 5:       NFKB1     TF  3.7728569        FALSE       4             FALSE
 6: hsa-miR-29a  miRNA  3.5392053        FALSE       1             FALSE
 7: hsa-miR-29b  miRNA  2.5011787        FALSE       0             FALSE
 8:        RELA     TF  0.9726085        FALSE       2             FALSE
 9:  hsa-let-7e  miRNA  0.8644074        FALSE       0             FALSE
10: hsa-miR-29c  miRNA -1.6716743        FALSE       1             FALSE
    in_paper_MS_module
                <lgcl>
 1:               TRUE
 2:               TRUE
 3:               TRUE
 4:               TRUE
 5:               TRUE
 6:               TRUE
 7:               TRUE
 8:               TRUE
 9:               TRUE
10:               TRUE
[11:51:21] prioritised-30 in consensus: 0/30; MS-module in consensus: 0/10
### jam_05_circularity_check.R
          domain     n  rho_with_z rho_with_membership
          <char> <int>       <num>               <num>
1:      priority   583  0.48273170          0.37344163
2:    T_topology   587  0.03740695          0.06851691
3:    E_evidence   586  0.06919172          0.07177131
4:  D_expression   576  0.97775322          0.77703053
5: R_replication   360  0.49958851          0.36991122
6:   M_multiomic   575 -0.04553359         -0.03892499
7:    C_clinical   576 -0.01341826         -0.06752502
8:  F_functional   360 -0.05629236         -0.03145176
   observed null_mean   null_sd p_zmatched
      <int>     <num>     <num>      <num>
1:        0    0.2041 0.4030626          1
