                                                                           quantity  value                                                                                                                                  detail
                         edges in the SIGNED canonical network (coherence analysis)   6859                                                                                     data/canonical_edges.tsv; every edge carries a sign
                    edges in the graph used for the higher-order MODULE ENUMERATION   9254 results/graph_used_edges.tsv; a superset of the signed network (2395 additional edges, mostly unsigned gene-gene and miRNA-miRNA pairs)
                                                  nodes shared by the two edge sets    587                                      signed network 587 nodes; enumeration graph 587 nodes; 0 nodes are unique to the enumeration graph
                                          SIGNED network edges of type miRNA_target   4819                                                                                                                                        
                                              SIGNED network edges of type TF_miRNA   1239                                                                                                                                        
                                             SIGNED network edges of type TF_target    770                                                                                                                                        
                                           SIGNED network edges of type miRNA_miRNA     30                                                                                                                                        
                                             SIGNED network edges of type gene_gene      1                                                                                                                                        
                                       ENUMERATION graph edges of type miRNA_target   4819                                                                                                                                        
                                          ENUMERATION graph edges of type TF_target   1374                                                                                                                                        
                                           ENUMERATION graph edges of type TF_miRNA   1239                                                                                                                                        
                                        ENUMERATION graph edges of type miRNA_miRNA    988                                                                                                                                        
                                          ENUMERATION graph edges of type gene_gene    834                                                                                                                                        
                                    gene-gene edges in the SIGNED canonical network      1      the 4-node step of the dynamical escalation has only this much signed support: COL1A1->COL3A1 (sign +1, present in 4-TF;5-TF;6-TF)
                                           gene-gene edges in the ENUMERATION graph    834                                                                    unsigned; these are what the 4/5/6-node module listing actually uses
           candidate gene-gene edges in the source layer before network restriction   1638                                                                                        data/layer_gene_gene.tsv: STRING=941; TRRUST=697
                                       TF->TF edges in the SIGNED canonical network     89                                                                                             TF_target edges whose target is itself a TF
                                  miRNA-miRNA edges in the SIGNED canonical network     30                                                            genomic-cluster co-transcription pairs that survived into the signed network
                                         miRNA-miRNA edges in the ENUMERATION graph    988                                                                                                                                unsigned
                              4-node modules listed in results/ffl_higher_order.csv  71307                                                                                                                    complete enumeration
                        4-node modules whose architecture contains a gene-gene edge    279                                                                                                      0.39% of the 4-node modules listed
                      4-node modules whose architecture contains a miRNA-miRNA edge  30923                                                                                                     43.37% of the 4-node modules listed
                            4-node modules whose architecture contains a TF-TF edge  37333                                                                                                     52.36% of the 4-node modules listed
                              5-node modules listed in results/ffl_higher_order.csv 221657                                                                      capped at 5,000 per architecture, so counts below are lower bounds
                        5-node modules whose architecture contains a gene-gene edge  13736                                                                                                      6.20% of the 5-node modules listed
                      5-node modules whose architecture contains a miRNA-miRNA edge  83632                                                                                                     37.73% of the 5-node modules listed
                            5-node modules whose architecture contains a TF-TF edge 128677                                                                                                     58.05% of the 5-node modules listed
                              6-node modules listed in results/ffl_higher_order.csv 216627                                                                      capped at 5,000 per architecture, so counts below are lower bounds
                        6-node modules whose architecture contains a gene-gene edge   8258                                                                                                      3.81% of the 6-node modules listed
                      6-node modules whose architecture contains a miRNA-miRNA edge  94749                                                                                                     43.74% of the 6-node modules listed
                            6-node modules whose architecture contains a TF-TF edge 143883                                                                                                     66.42% of the 6-node modules listed
              distinct nodes appearing in gene-gene-containing higher-order modules    333                                               commonest: CCND2 (9338), IRF9 (7288), HIC1 (5349), MYC (4822), VEGFA (4655), SMAD7 (2952)
gene-gene-containing modules built on the ONE signed gene-gene edge (COL1A1-COL3A1)      0               0.00% of the 22273 gene-gene-containing modules; the rest use gene-gene edges that carry no sign in the canonical network
