
######## full: 01_architecture.py
DiGraph: N=587 M=6859
wrote systems_degree_table.csv
bow-tie: {'IN': 7, 'CORE': 362, 'OUT': 215, 'TUBES': 1, 'TENDRILS_from_IN': 0, 'TENDRILS_to_OUT': 2, 'OTHER': 0}
bow-tie composition: {'OUT': {'Gene': 207, 'TF': 2, 'miRNA': 6}, 'CORE': {'TF': 152, 'miRNA': 210}, 'IN': {'TF': 1, 'miRNA': 6}, 'PERIPHERY': {'TF': 2, 'miRNA': 1}}
trophic incoherence F0 = 0.625 {'Gene': 1.7784647756540999, 'TF': 0.8472101652630109, 'miRNA': 0.7658322215112874}
null 50
null 100
null 150
null 200
FFL z = -13.94 core obs/null = 362 362.045
{
  "Ck_n_bins": 69,
  "Ck_scaling_exponent": -0.19979222890721618,
  "Ck_scaling_r": -0.24902451438820283,
  "LSCC_size": 362,
  "LWCC_size": 587,
  "M": 6859,
  "M_undirected": 5636,
  "N": 587,
  "SCC_sizes_top10": [
    362,
    2,
    2,
    1,
    1,
    1,
    1,
    1,
    1,
    1
  ],
  "avg_clustering_directed": 0.029675644234362634,
  "avg_clustering_undirected": 0.04579238574199524,
  "bowtie": {
    "CORE": 362,
    "IN": 7,
    "OTHER": 0,
    "OUT": 215,
    "TENDRILS_from_IN": 0,
    "TENDRILS_to_OUT": 2,
    "TUBES": 1
  },
  "bowtie_types": {
    "CORE": {
      "TF": 152,
      "miRNA": 210
    },
    "IN": {
      "TF": 1,
      "miRNA": 6
    },
    "OUT": {
      "Gene": 207,
      "TF": 2,
      "miRNA": 6
    },
    "PERIPHERY": {
      "TF": 2,
      "miRNA": 1
    }
  },
  "core_p_emp": 0.6019900497512438,
  "deg_in_max": 90,
  "deg_in_mean": 11.684838160136286,
  "deg_in_n_zero": 5,
  "deg_out_max": 91,
  "deg_out_mean": 11.684838160136286,
  "deg_out_n_zero": 206,
  "deg_total_max": 140,
  "deg_total_mean": 23.36967632027257,
  "deg_total_n_zero": 0,
  "edges_within_core": 2871,
  "edges_within_core_frac": 0.41857413617145356,
  "ffl_closure_counts": [
    3083,
    49845
  ],
  "ffl_closure_observed": 0.058248941958887544,
  "ffl_cores_raw": 3083,
  "ffl_cores_unique": 1649,
  "ffl_p_emp": 1.0,
  "ffl_zscore": -13.942356891057633,
  "flow_hierarchy": 0.5808426884385479,
  "global_reaching_centrality": 0.3688365618702606,
  "grc_p_emp": 0.8407960199004975,
  "n_SCC": 224,
  "n_SCC_size1": 221,
  "n_WCC": 1,
  "null_core_mean": 362.045,
  "null_core_sd": 2.6167176109157024,
  "null_ffl_mean": 2783.23,
  "null_ffl_sd": 81.35138189781054,
  "null_grc_mean": 0.37427794732611913,
  "null_grc_sd": 0.004484170005403545,
  "null_n": 200,
  "reciprocity": 0.35661175098410847,
  "transitivity_undirected": 0.03500915822948388,
  "trophic_incoherence_F0": 0.624976590136709,
  "trophic_level_mean_by_type": {
    "Gene": 1.7784647756540999,
    "TF": 0.8472101652630109,
    "miRNA": 0.7658322215112874
  },
  "trophic_level_range": [
    0.0,
    2.077356687525748
  ]
}

######## full: 03_controllability.py
N=587  |M*|=381  N_D=206  n_D/N=0.3509  drivers listed=206
roles: Counter({'intermittent': 497, 'redundant': 85, 'critical': 5})
deletion classes: Counter({'neutral': 381, 'dispensable': 201, 'indispensable': 5})
wrote systems_controllability_nodes.csv
FFL_hub (hub_ffl==TRUE)    driver_node      11/60 (0.183) vs 0.370  OR=0.382 p=0.00402
FFL_hub (hub_ffl==TRUE)    indispensable    0/60 (0.000) vs 0.009  OR=0 p=1
FFL_hub (hub_ffl==TRUE)    dispensable      12/60 (0.200) vs 0.359  OR=0.447 p=0.0144
FFL_hub (hub_ffl==TRUE)    critical_driver  0/60 (0.000) vs 0.009  OR=0 p=1
top20_FFL_participation    driver_node      2/20 (0.100) vs 0.360  OR=0.198 p=0.0162
top20_FFL_participation    indispensable    0/20 (0.000) vs 0.009  OR=0 p=1
top20_FFL_participation    dispensable      3/20 (0.150) vs 0.349  OR=0.329 p=0.0911
top20_FFL_participation    critical_driver  0/20 (0.000) vs 0.009  OR=0 p=1
miR-29 family              driver_node      1/3 (0.333) vs 0.351  OR=0.924 p=1
miR-29 family              indispensable    0/3 (0.000) vs 0.009  OR=0 p=1
miR-29 family              dispensable      0/3 (0.000) vs 0.344  OR=0 p=0.555
miR-29 family              critical_driver  0/3 (0.000) vs 0.009  OR=0 p=1
miR-29/collagen module     driver_node      1/5 (0.200) vs 0.352  OR=0.46 p=0.662
miR-29/collagen module     indispensable    0/5 (0.000) vs 0.009  OR=0 p=1
miR-29/collagen module     dispensable      0/5 (0.000) vs 0.345  OR=0 p=0.171
miR-29/collagen module     critical_driver  0/5 (0.000) vs 0.009  OR=0 p=1

--- module / hub nodes ---
hsa-miR-29a    miRNA  deg=69   ffl=63   driver=False freq=0.006 role=intermittent neutral        dND=+0
hsa-miR-29b    miRNA  deg=75   ffl=100  driver=False freq=0.006 role=intermittent neutral        dND=+0
hsa-miR-29c    miRNA  deg=61   ffl=111  driver=True  freq=0.041 role=intermittent neutral        dND=+0
COL1A1         Gene   deg=31   ffl=21   driver=False freq=0.002 role=intermittent neutral        dND=+0
COL3A1         Gene   deg=10   ffl=0    driver=False freq=0.000 role=redundant    neutral        dND=+0
SP1            TF     deg=119  ffl=436  driver=False freq=0.024 role=intermittent neutral        dND=+0
RELA           TF     deg=130  ffl=389  driver=False freq=0.000 role=redundant    neutral        dND=+0
NFKB1          TF     deg=120  ffl=338  driver=False freq=0.000 role=redundant    neutral        dND=+0
VEGFA          Gene   deg=77   ffl=328  driver=False freq=0.000 role=redundant    dispensable    dND=-1
CCND2          Gene   deg=90   ffl=257  driver=False freq=0.000 role=redundant    neutral        dND=+0
STAT3          TF     deg=98   ffl=233  driver=False freq=0.002 role=intermittent neutral        dND=+0
MYC            TF     deg=125  ffl=168  driver=False freq=0.000 role=redundant    neutral        dND=+0
HIF1A          TF     deg=108  ffl=165  driver=False freq=0.000 role=redundant    neutral        dND=+0
TP53           TF     deg=140  ffl=148  driver=False freq=0.000 role=redundant    neutral        dND=+0
E2F1           TF     deg=80   ffl=129  driver=False freq=0.000 role=redundant    neutral        dND=+0
hsa-miR-17     miRNA  deg=75   ffl=126  driver=False freq=0.041 role=intermittent neutral        dND=+0
TWIST1         TF     deg=83   ffl=124  driver=False freq=0.000 role=redundant    neutral        dND=+0
ABCA1          Gene   deg=68   ffl=120  driver=False freq=0.000 role=redundant    dispensable    dND=-1
hsa-miR-29c    miRNA  deg=61   ffl=111  driver=True  freq=0.041 role=intermittent neutral        dND=+0
hsa-miR-20a    miRNA  deg=75   ffl=110  driver=True  freq=0.048 role=intermittent neutral        dND=+0
{
  "N": 587,
  "matching_size": 381,
  "N_D": 206,
  "n_D_over_N": 0.35093696763202725,
  "n_drivers_listed": 206,
  "roles": {
    "redundant": 85,
    "intermittent": 497,
    "critical": 5
  },
  "deletion_classes": {
    "dispensable": 201,
    "neutral": 381,
    "indispensable": 5
  },
  "spearman_driverfreq_vs_fflparticipation": [
    -0.4290097359743625,
    1.1070747578616977e-27
  ],
  "spearman_driverfreq_vs_degree": [
    -0.538232647095344,
    2.1535074379898277e-45
  ],
  "n_matchings_sampled": 2000
}

######## full: 13_matching_crosscheck.py
{
  "N": 587,
  "matching_size_scipy": 381,
  "matching_size_networkx": 381,
  "agree": true,
  "N_D_scipy": 206,
  "N_D_networkx": 206,
  "n_D_fraction": 0.35093696763202725,
  "n_in_degree_zero": 5,
  "in_degree_zero_nodes": [
    "hsa-miR-1",
    "hsa-miR-196a",
    "hsa-miR-454",
    "hsa-miR-487a",
    "hsa-miR-767"
  ],
  "in_degree_zero_types": [
    "miRNA",
    "miRNA",
    "miRNA",
    "miRNA",
    "miRNA"
  ]
}

######## full: 04_information_flow.py
N=587 directed M=6859 undirected M=5636
current-flow betweenness ...
information centrality ...
shortest-path betweenness (directed) ...
spectral radius of (1-lambda)P = 0.4847 (<1 required for convergence)
wrote systems_information_flow.csv
current_flow_betweenness               rho_vs_degree=+0.954 top20 overlap=12/20 J=0.43
information_centrality                 rho_vs_degree=+0.978 top20 overlap=11/20 J=0.38
rw_throughput_betweenness              rho_vs_degree=+0.436 top20 overlap=9/20 J=0.29
rw_flux_in                             rho_vs_degree=+0.679 top20 overlap=8/20 J=0.25
shortest_path_betweenness_directed     rho_vs_degree=+0.487 top20 overlap=14/20 J=0.54
ffl_participation                      rho_vs_degree=+0.774 top20 overlap=15/20 J=0.60

Top 10 by current-flow betweenness: ['SP1', 'TP53', 'CCND2', 'RELA', 'NFKB1', 'VEGFA', 'TWIST1', 'HNF4A', 'hsa-miR-124', 'hsa-miR-21']
Top 10 by degree            : ['TP53', 'RELA', 'MYC', 'NFKB1', 'SP1', 'HIF1A', 'STAT3', 'CCND2', 'EGR1', 'TWIST1']
Top 10 by information centr.: ['SP1', 'CCND2', 'RELA', 'NFKB1', 'TP53', 'VEGFA', 'ADAMTS5', 'TGFBR2', 'MYC', 'ABCA1']
Top 10 by RW throughput     : ['TP53', 'TWIST1', 'FOS', 'hsa-miR-21', 'HNF4A', 'RELA', 'hsa-miR-145', 'MYC', 'HIF1A', 'hsa-miR-200b']

Flow bottlenecks (rank gain over degree): [('IL6', 26, 208, 36), ('SOX3', 6, 486, 323), ('CXCR5', 15, 313, 168), ('POSTN', 6, 498, 364), ('WNT5A', 13, 341, 215), ('HSF1', 6, 495, 378), ('INSM1', 11, 376, 260), ('TYMS', 9, 426, 314), ('hsa-miR-215', 6, 504, 393), ('hsa-miR-129', 28, 182, 74)]
hsa-miR-29a    deg=69   rank_deg=23   rank_CFB=18   rank_IC=20   rank_RW=20  
hsa-miR-29b    deg=75   rank_deg=15   rank_CFB=12   rank_IC=15   rank_RW=19  
hsa-miR-29c    deg=61   rank_deg=38   rank_CFB=31   rank_IC=31   rank_RW=57  
COL1A1         deg=31   rank_deg=157  rank_CFB=92   rank_IC=131  rank_RW=27  
COL3A1         deg=10   rank_deg=410  rank_CFB=409  rank_IC=372  rank_RW=517 
SP1            deg=119  rank_deg=5    rank_CFB=1    rank_IC=1    rank_RW=49  
RELA           deg=130  rank_deg=2    rank_CFB=4    rank_IC=3    rank_RW=6   
NFKB1          deg=120  rank_deg=4    rank_CFB=5    rank_IC=4    rank_RW=11  
MYC            deg=125  rank_deg=3    rank_CFB=13   rank_IC=9    rank_RW=8   
STAT3          deg=98   rank_deg=7    rank_CFB=19   rank_IC=13   rank_RW=21  
HIF1A          deg=108  rank_deg=6    rank_CFB=14   rank_IC=11   rank_RW=9   
TP53           deg=140  rank_deg=1    rank_CFB=2    rank_IC=5    rank_RW=1   
VEGFA          deg=77   rank_deg=14   rank_CFB=6    rank_IC=6    rank_RW=410 
hsa-miR-130a   deg=66   rank_deg=30   rank_CFB=26   rank_IC=16   rank_RW=125 

######## full: 12_controllability_degree_control.py
          Coef.  Std.Err.          z         P>|z|    [0.025    0.975]
const  5.144864  0.655843   7.844660  4.341281e-15  3.859436  6.430292
x1    -1.363326  0.197482  -6.903537  5.072327e-12 -1.750385 -0.976268
x2    -2.647953  0.315885  -8.382660  5.174471e-17 -3.267075 -2.028830
x3    -5.052537  0.456979 -11.056384  2.041638e-28 -5.948199 -4.156874
x4     0.049521  0.455703   0.108670  9.134644e-01 -0.843640  0.942682

is_FFL_hub coefficient after adjusting for degree and node type: +0.050 (p = 0.913)
log(FFL participation+1) coefficient after the same adjustment: -0.055 (p = 0.712)

degree-matched null: FFL hubs 0.183 driver rate vs matched non-hubs 0.142 +/- 0.039, one-sided p = 0.8946 (10000 resamples)

STRUCTURAL CONSTRAINTS: {
  "n_out_degree_zero": 206,
  "out_degree_zero_by_type": {
    "Gene": 206
  },
  "n_in_degree_zero": 5,
  "in_degree_zero_by_type": {
    "miRNA": 5
  },
  "genes_with_any_out_edge": [
    "COL1A1"
  ],
  "edge_class_counts": {
    "TF->TF": 89,
    "TF->Gene": 681,
    "TF->miRNA": 1239,
    "Gene->Gene": 1,
    "miRNA->Gene": 3266,
    "miRNA->TF": 1553,
    "miRNA->miRNA": 30
  },
  "note": "206 of the 207 genes have out-degree 0 because the assembled network contains essentially no gene->anything edges (one STRING edge, COL1A1->COL3A1). The bow-tie OUT layer being made of genes, and genes never appearing in the strongly connected core, are therefore consequences of how the network was built, not discoveries about breast cancer regulation. Likewise the 5 \"critical\" driver nodes are exactly the 5 miRNAs with in-degree 0, which must be drivers in every control configuration."
}

wrote systems_controllability_degree_control.{csv,json}
