degree table rows: 587 

===== degree_total  n = 587  max = 140 
  power law: alpha = 3.4599  xmin = 33  ntail = 147  KS = 0.0597
Expected total run time for 1000 sims, using 4 threads is 192 seconds.
  CSN bootstrap goodness-of-fit p = 0.0650  (1000 sims)
  vs lognormal     LR =   -1.618  p_two = 0.1057  (indistinguishable)
  vs exponential   LR =   -0.972  p_two = 0.3312  (indistinguishable)
  vs poisson       LR =   +4.393  p_two = 1.118e-05  (power law favoured)

===== degree_out  n = 381  max = 91 
  power law: alpha = 4.5596  xmin = 32  ntail = 77  KS = 0.0467
Expected total run time for 1000 sims, using 4 threads is 86.4 seconds.
  CSN bootstrap goodness-of-fit p = 0.7420  (1000 sims)
  vs lognormal     LR =   -0.929  p_two = 0.3527  (indistinguishable)
  vs exponential   LR =   -0.599  p_two = 0.5491  (indistinguishable)
  vs poisson       LR =   +2.560  p_two = 0.01048  (power law favoured)

===== degree_in  n = 582  max = 90 
  power law: alpha = 4.7315  xmin = 37  ntail = 37  KS = 0.0513
Expected total run time for 1000 sims, using 4 threads is 68.8 seconds.
  CSN bootstrap goodness-of-fit p = 0.9070  (1000 sims)
  vs lognormal     LR =   -0.683  p_two = 0.4946  (indistinguishable)
  vs exponential   LR =   -0.523  p_two = 0.6013  (indistinguishable)
  vs poisson       LR =   +2.396  p_two = 0.01656  (power law favoured)

--- SUMMARY ---
      distribution   n n_tail    alpha xmin         KS bootstrap_p nboot
total degree_total 587    147 3.459871   33 0.05965335       0.065  1000
out     degree_out 381     77 4.559552   32 0.04669681       0.742  1000
inn      degree_in 582     37 4.731517   37 0.05127382       0.907  1000
      scale_free_supported
total                FALSE
out                   TRUE
inn                   TRUE

        alternative         LR  p_one_sided  p_two_sided distribution
total.1   lognormal -1.6180523 9.471743e-01 1.056513e-01 degree_total
total.2 exponential -0.9717128 8.344033e-01 3.311935e-01 degree_total
total.3     poisson  4.3929643 5.590775e-06 1.118155e-05 degree_total
out.1     lognormal -0.9293398 8.236435e-01 3.527130e-01   degree_out
out.2   exponential -0.5991413 7.254607e-01 5.490787e-01   degree_out
out.3       poisson  2.5596884 5.238302e-03 1.047660e-02   degree_out
inn.1     lognormal -0.6830038 7.526978e-01 4.946044e-01    degree_in
inn.2   exponential -0.5225819 6.993674e-01 6.012653e-01    degree_in
inn.3       poisson  2.3963217 8.280275e-03 1.656055e-02    degree_in
null device 
          1 
null device 
          1 
figures written
