nodes=587 edges=6859 replicates=1000
  100/1000
  200/1000
  300/1000
  400/1000
  500/1000
  600/1000
  700/1000
  800/1000
  900/1000
  1000/1000

median stability by metric x class:
   betweenness Gene    median=100.0%  min= 61.9%  n>=80%: 19/20
   betweenness TF      median= 97.2%  min= 49.5%  n>=80%: 14/20
   betweenness miRNA   median= 80.2%  min= 37.9%  n>=80%: 10/20
   degree      Gene    median= 91.3%  min= 45.0%  n>=80%: 13/20
   degree      TF      median=100.0%  min= 66.3%  n>=80%: 18/20
   degree      miRNA   median= 94.1%  min= 42.4%  n>=80%: 17/20

top TF hubs (degree):
    1. TP53           100.0%
    2. RELA           100.0%
    3. MYC            100.0%
    4. NFKB1          100.0%
    5. SP1            100.0%
    6. HIF1A          100.0%
    7. STAT3          100.0%
    8. EGR1           100.0%
    9. TWIST1         100.0%
   10. HNF4A          100.0%

wrote results/hub_bootstrap_stability_1000.csv
