nodes=587 edges=6829 replicates=1000
  100/1000
  200/1000
  300/1000
  400/1000
  500/1000
  600/1000
  700/1000
  800/1000
  900/1000
  1000/1000

median stability by metric x class:
   betweenness Gene    median=100.0%  min= 62.2%  n>=80%: 19/20
   betweenness TF      median= 97.3%  min= 51.0%  n>=80%: 15/20
   betweenness miRNA   median= 79.2%  min= 38.9%  n>=80%: 10/20
   degree      Gene    median= 89.5%  min= 43.3%  n>=80%: 13/20
   degree      TF      median=100.0%  min= 65.9%  n>=80%: 17/20
   degree      miRNA   median= 93.9%  min= 36.7%  n>=80%: 16/20

top TF hubs (degree):
    1. TP53           100.0%
    2. RELA           100.0%
    3. MYC            100.0%
    4. NFKB1          100.0%
    5. SP1            100.0%
    6. HIF1A          100.0%
    7. STAT3          100.0%
    8. EGR1           100.0%
    9. TWIST1         100.0%
   10. HNF4A          100.0%

wrote results/hub_bootstrap_stability_1000.csv
