graph: 587 connected nodes, 8031 directed edges, 1223 reciprocal pairs contracted

k=3  probs=[1.0, 1.0, 1.0]  sampled connected subgraphs=266581  FFLs among them=6037
estimated total connected induced 3-subgraphs: 266,581
estimated total 3-node FFLs:                   6,037

composition (TF, miRNA, Gene) -> estimated count:
   TF=2 miRNA=1 Gene=0  ->  1,821   (sampled 1821)
   TF=1 miRNA=1 Gene=1  ->  1,420   (sampled 1420)
   TF=3 miRNA=0 Gene=0  ->  1,324   (sampled 1324)
   TF=2 miRNA=0 Gene=1  ->  811   (sampled 811)
   TF=0 miRNA=1 Gene=2  ->  274   (sampled 274)
   TF=0 miRNA=2 Gene=1  ->  135   (sampled 135)
   TF=1 miRNA=0 Gene=2  ->  120   (sampled 120)
   TF=0 miRNA=0 Gene=3  ->  63   (sampled 63)
   TF=0 miRNA=3 Gene=0  ->  37   (sampled 37)
   TF=1 miRNA=2 Gene=0  ->  32   (sampled 32)

distinct edge classes per FFL module (n_classes -> estimated modules):
   1 classes -> 760  (sampled 760)
   2 classes -> 3,655  (sampled 3655)
   3 classes -> 1,622  (sampled 1622)

top edge-class combinations:
   TF->Gene+TF->miRNA+miRNA->Gene                                 1,143
   Gene->Gene+TF->miRNA                                           795
   TF->TF+TF->miRNA                                               753
   Gene->Gene+TF->TF                                              747
   Gene->Gene                                                     577
   Gene->Gene+TF->Gene                                            491
   TF->Gene+TF->TF                                                328
   Gene->Gene+miRNA->Gene                                         235

wrote results/ffl_census_k3.json and ffl_examples_k3.csv
