graph: 587 connected nodes, 8031 directed edges, 1223 reciprocal pairs contracted

k=6  probs=[1.0, 1.0, 0.5, 0.12, 0.06, 0.04]  sampled connected subgraphs=4535798  FFLs among them=2887
estimated total connected induced 6-subgraphs: 31,498,597,222
estimated total 6-node FFLs:                   20,048,611

composition (TF, miRNA, Gene) -> estimated count:
   TF=3 miRNA=2 Gene=1  ->  6,645,833   (sampled 957)
   TF=2 miRNA=3 Gene=1  ->  3,437,500   (sampled 495)
   TF=4 miRNA=1 Gene=1  ->  2,805,556   (sampled 404)
   TF=5 miRNA=1 Gene=0  ->  1,590,278   (sampled 229)
   TF=2 miRNA=2 Gene=2  ->  1,305,556   (sampled 188)
   TF=4 miRNA=2 Gene=0  ->  1,034,722   (sampled 149)
   TF=3 miRNA=1 Gene=2  ->  812,500   (sampled 117)
   TF=5 miRNA=0 Gene=1  ->  479,167   (sampled 69)
   TF=6 miRNA=0 Gene=0  ->  416,667   (sampled 60)
   TF=1 miRNA=4 Gene=1  ->  368,056   (sampled 53)
   TF=3 miRNA=3 Gene=0  ->  263,889   (sampled 38)
   TF=1 miRNA=3 Gene=2  ->  236,111   (sampled 34)

distinct edge classes per FFL module (n_classes -> estimated modules):
   1 classes -> 20,833  (sampled 3)
   2 classes -> 993,056  (sampled 143)
   3 classes -> 6,826,389  (sampled 983)
   4 classes -> 7,729,167  (sampled 1113)
   5 classes -> 4,201,389  (sampled 605)
   6 classes -> 277,778  (sampled 40)

top edge-class combinations:
   Gene->Gene+TF->Gene+TF->TF+TF->miRNA+miRNA->Gene               2,666,667
   Gene->Gene+TF->TF+TF->miRNA+miRNA->Gene                        2,361,111
   Gene->Gene+TF->miRNA+miRNA->Gene                               2,229,167
   Gene->Gene+TF->Gene+TF->miRNA+miRNA->Gene                      1,694,444
   TF->TF+TF->miRNA+miRNA->Gene                                   1,597,222
   Gene->Gene+TF->TF+TF->miRNA+miRNA->TF                          1,118,056
   Gene->Gene+TF->TF+TF->miRNA                                    930,556
   TF->Gene+TF->TF+TF->miRNA+miRNA->Gene                          812,500

wrote results/ffl_census_k6.json and ffl_examples_k6.csv
