           family                  module  memory %  pulse %  oscillation %  memory AND pulse %  memory AND oscillation %
  Bhat_TF_TM+_TY+                      GG    68.475    6.775          0.000               2.429                     0.000
  Bhat_TF_TM+_TY-                      GG    78.381    0.146          0.000               0.146                     0.000
  Bhat_TF_TM-_TY+                      GG    73.956    0.000          0.000               0.000                     0.000
Bhat_comp_TM+_TY+                      GG    60.266   19.843          1.001               4.034                     0.140
Bhat_comp_TM+_TY-                      GG    70.294    0.922          3.564               0.250                     0.989
Bhat_comp_TM-_TY+                      GG    59.106    0.000          0.000               0.000                     0.000
 Bhat_miR_TM0_TY+                      GG    80.664    0.629          0.000               0.623                     0.000
 Bhat_miR_TM0_TY-                      GG    59.998    7.202          4.797               2.600                     0.769
  Bhat_TF_TM+_TY+                   GG+MM    62.317   11.255          0.000               3.961                     0.000
  Bhat_TF_TM+_TY-                   GG+MM    77.979    0.092          0.000               0.092                     0.000
  Bhat_TF_TM-_TY+                   GG+MM    69.733    0.000          0.000               0.000                     0.000
Bhat_comp_TM+_TY+                   GG+MM    53.955   25.659          0.250               5.511                     0.085
Bhat_comp_TM+_TY-                   GG+MM    68.622    0.684          1.422               0.250                     0.403
Bhat_comp_TM-_TY+                   GG+MM    48.547    0.000          0.000               0.000                     0.000
 Bhat_miR_TM0_TY+                   GG+MM    83.667    0.275          0.000               0.275                     0.000
 Bhat_miR_TM0_TY-                   GG+MM    57.697    6.335          2.161               2.240                     0.214
  Bhat_TF_TM+_TY+ GG+MM+TT_T120_T21+_T2Y+    60.333   13.336          0.000               4.303                     0.000
  Bhat_TF_TM+_TY+ GG+MM+TT_T120_T21+_T2Y-    47.278   31.934          0.000               9.473                     0.000
  Bhat_TF_TM+_TY+ GG+MM+TT_T120_T21-_T2Y+    37.079   11.499          0.000               2.191                     0.000
  Bhat_TF_TM+_TY+ GG+MM+TT_T120_T21-_T2Y-    28.455   18.640          0.000               3.430                     0.000
  Bhat_TF_TM+_TY+ GG+MM+TT_T120_T210_T2Y+    61.456   12.048          0.000               4.175                     0.000
  Bhat_TF_TM+_TY+ GG+MM+TT_T120_T210_T2Y-    48.016   30.408          0.000               9.375                     0.000
  Bhat_TF_TM-_TY+ GG+MM+TT_T120_T21+_T2Y+    64.337    0.000          0.000               0.000                     0.000
  Bhat_TF_TM-_TY+ GG+MM+TT_T120_T21-_T2Y+    27.563    0.067          0.000               0.055                     0.000
  Bhat_TF_TM-_TY+ GG+MM+TT_T120_T210_T2Y+    68.365    0.000          0.000               0.000                     0.000
Bhat_comp_TM+_TY+ GG+MM+TT_T12+_T21+_T2Y+    13.385    0.024          0.000               0.006                     0.000
Bhat_comp_TM+_TY+ GG+MM+TT_T12+_T21+_T2Y-    13.342    0.037          0.000               0.018                     0.000
Bhat_comp_TM+_TY+ GG+MM+TT_T12+_T21-_T2Y+    40.558   31.042          2.014               4.022                     0.122
Bhat_comp_TM+_TY+ GG+MM+TT_T12+_T21-_T2Y-    51.416   28.979          2.411               8.203                     0.519
Bhat_comp_TM+_TY+ GG+MM+TT_T12+_T210_T2Y+    50.525   30.762          4.065               5.591                     0.519
Bhat_comp_TM+_TY+ GG+MM+TT_T12+_T210_T2Y-    52.948   35.516          6.812              12.524                     1.837
Bhat_comp_TM+_TY+ GG+MM+TT_T12-_T21+_T2Y+    49.036   31.445          0.897               7.904                     0.183
Bhat_comp_TM+_TY+ GG+MM+TT_T12-_T21-_T2Y+    39.056   23.505          0.830               7.483                     0.165
Bhat_comp_TM+_TY+ GG+MM+TT_T12-_T210_T2Y+    53.058   36.926          1.233              12.329                     0.262
Bhat_comp_TM-_TY+ GG+MM+TT_T12+_T21+_T2Y-    13.501    0.049          0.000               0.018                     0.000
Bhat_comp_TM-_TY+ GG+MM+TT_T12+_T21-_T2Y-    49.915   35.718          6.470              10.382                     1.532
Bhat_comp_TM-_TY+ GG+MM+TT_T12+_T210_T2Y-    55.371   34.583          8.838              12.274                     2.478
Bhat_comp_TM-_TY+ GG+MM+TT_T12-_T21+_T2Y+    38.251    4.675          0.403               1.929                     0.055
Bhat_comp_TM-_TY+ GG+MM+TT_T12-_T21-_T2Y+    32.428    4.089          0.037               2.069                     0.006
Bhat_comp_TM-_TY+ GG+MM+TT_T12-_T210_T2Y+    54.791   12.201          0.256               6.787                     0.037
 Bhat_miR_TM0_TY+ GG+MM+TT_T12+_T210_T2Y+    71.631    1.685          8.746               0.366                     3.265
 Bhat_miR_TM0_TY+ GG+MM+TT_T12-_T210_T2Y+    61.237    3.491          0.952               1.868                     0.287
 Bhat_miR_TM0_TY+ GG+MM+TT_T12-_T210_T2Y-    77.570    0.555          0.000               0.403                     0.000
  Bhat_TF_TM+_TY+                    core    36.438   13.910          0.000               4.810                     0.000
  Bhat_TF_TM+_TY-                    core    53.149    0.000          0.000               0.000                     0.000
  Bhat_TF_TM-_TY+                    core    28.357    0.000          0.000               0.000                     0.000
Bhat_comp_TM+_TY+                    core    29.498   27.496          2.551               5.225                     0.500
Bhat_comp_TM+_TY-                    core    28.015    1.196          9.076               0.000                     0.458
Bhat_comp_TM-_TY+                    core    24.786    0.018          0.000               0.012                     0.000
 Bhat_miR_TM0_TY+                    core    56.177    0.000          0.000               0.000                     0.000
 Bhat_miR_TM0_TY-                    core    37.177    9.955          8.374               3.333                     0.897
   COMP_C2_toggle                GG+MM+TT    58.551   25.122          5.768               6.097                     0.635

           family                  module              behaviour smaller_patterns  exceeds_every_smaller_pattern_p_lt_005
  Bhat_TF_TM+_TY+ GG+MM+TT_T120_T21+_T2Y+       memory AND pulse  GG, GG+MM, core                                   False
  Bhat_TF_TM+_TY+ GG+MM+TT_T120_T21+_T2Y+ memory AND oscillation  GG, GG+MM, core                                   False
  Bhat_TF_TM+_TY+ GG+MM+TT_T120_T21+_T2Y-       memory AND pulse  GG, GG+MM, core                                    True
  Bhat_TF_TM+_TY+ GG+MM+TT_T120_T21+_T2Y- memory AND oscillation  GG, GG+MM, core                                   False
  Bhat_TF_TM+_TY+ GG+MM+TT_T120_T21-_T2Y+       memory AND pulse  GG, GG+MM, core                                   False
  Bhat_TF_TM+_TY+ GG+MM+TT_T120_T21-_T2Y+ memory AND oscillation  GG, GG+MM, core                                   False
  Bhat_TF_TM+_TY+ GG+MM+TT_T120_T21-_T2Y-       memory AND pulse  GG, GG+MM, core                                   False
  Bhat_TF_TM+_TY+ GG+MM+TT_T120_T21-_T2Y- memory AND oscillation  GG, GG+MM, core                                   False
  Bhat_TF_TM+_TY+ GG+MM+TT_T120_T210_T2Y+       memory AND pulse  GG, GG+MM, core                                   False
  Bhat_TF_TM+_TY+ GG+MM+TT_T120_T210_T2Y+ memory AND oscillation  GG, GG+MM, core                                   False
  Bhat_TF_TM+_TY+ GG+MM+TT_T120_T210_T2Y-       memory AND pulse  GG, GG+MM, core                                    True
  Bhat_TF_TM+_TY+ GG+MM+TT_T120_T210_T2Y- memory AND oscillation  GG, GG+MM, core                                   False
  Bhat_TF_TM-_TY+ GG+MM+TT_T120_T21+_T2Y+       memory AND pulse  GG, GG+MM, core                                   False
  Bhat_TF_TM-_TY+ GG+MM+TT_T120_T21+_T2Y+ memory AND oscillation  GG, GG+MM, core                                   False
  Bhat_TF_TM-_TY+ GG+MM+TT_T120_T21-_T2Y+       memory AND pulse  GG, GG+MM, core                                    True
  Bhat_TF_TM-_TY+ GG+MM+TT_T120_T21-_T2Y+ memory AND oscillation  GG, GG+MM, core                                   False
  Bhat_TF_TM-_TY+ GG+MM+TT_T120_T210_T2Y+       memory AND pulse  GG, GG+MM, core                                   False
  Bhat_TF_TM-_TY+ GG+MM+TT_T120_T210_T2Y+ memory AND oscillation  GG, GG+MM, core                                   False
Bhat_comp_TM+_TY+ GG+MM+TT_T12+_T21+_T2Y+       memory AND pulse  GG, GG+MM, core                                   False
Bhat_comp_TM+_TY+ GG+MM+TT_T12+_T21+_T2Y+ memory AND oscillation  GG, GG+MM, core                                   False
Bhat_comp_TM+_TY+ GG+MM+TT_T12+_T21+_T2Y-       memory AND pulse  GG, GG+MM, core                                   False
Bhat_comp_TM+_TY+ GG+MM+TT_T12+_T21+_T2Y- memory AND oscillation  GG, GG+MM, core                                   False
Bhat_comp_TM+_TY+ GG+MM+TT_T12+_T21-_T2Y+       memory AND pulse  GG, GG+MM, core                                   False
Bhat_comp_TM+_TY+ GG+MM+TT_T12+_T21-_T2Y+ memory AND oscillation  GG, GG+MM, core                                   False
Bhat_comp_TM+_TY+ GG+MM+TT_T12+_T21-_T2Y-       memory AND pulse  GG, GG+MM, core                                    True
Bhat_comp_TM+_TY+ GG+MM+TT_T12+_T21-_T2Y- memory AND oscillation  GG, GG+MM, core                                   False
Bhat_comp_TM+_TY+ GG+MM+TT_T12+_T210_T2Y+       memory AND pulse  GG, GG+MM, core                                   False
Bhat_comp_TM+_TY+ GG+MM+TT_T12+_T210_T2Y+ memory AND oscillation  GG, GG+MM, core                                   False
Bhat_comp_TM+_TY+ GG+MM+TT_T12+_T210_T2Y-       memory AND pulse  GG, GG+MM, core                                    True
Bhat_comp_TM+_TY+ GG+MM+TT_T12+_T210_T2Y- memory AND oscillation  GG, GG+MM, core                                    True
Bhat_comp_TM+_TY+ GG+MM+TT_T12-_T21+_T2Y+       memory AND pulse  GG, GG+MM, core                                    True
Bhat_comp_TM+_TY+ GG+MM+TT_T12-_T21+_T2Y+ memory AND oscillation  GG, GG+MM, core                                   False
Bhat_comp_TM+_TY+ GG+MM+TT_T12-_T21-_T2Y+       memory AND pulse  GG, GG+MM, core                                    True
Bhat_comp_TM+_TY+ GG+MM+TT_T12-_T21-_T2Y+ memory AND oscillation  GG, GG+MM, core                                   False
Bhat_comp_TM+_TY+ GG+MM+TT_T12-_T210_T2Y+       memory AND pulse  GG, GG+MM, core                                    True
Bhat_comp_TM+_TY+ GG+MM+TT_T12-_T210_T2Y+ memory AND oscillation  GG, GG+MM, core                                   False
Bhat_comp_TM-_TY+ GG+MM+TT_T12+_T21+_T2Y-       memory AND pulse  GG, GG+MM, core                                   False
Bhat_comp_TM-_TY+ GG+MM+TT_T12+_T21+_T2Y- memory AND oscillation  GG, GG+MM, core                                   False
Bhat_comp_TM-_TY+ GG+MM+TT_T12+_T21-_T2Y-       memory AND pulse  GG, GG+MM, core                                    True
Bhat_comp_TM-_TY+ GG+MM+TT_T12+_T21-_T2Y- memory AND oscillation  GG, GG+MM, core                                    True
Bhat_comp_TM-_TY+ GG+MM+TT_T12+_T210_T2Y-       memory AND pulse  GG, GG+MM, core                                    True
Bhat_comp_TM-_TY+ GG+MM+TT_T12+_T210_T2Y- memory AND oscillation  GG, GG+MM, core                                    True
Bhat_comp_TM-_TY+ GG+MM+TT_T12-_T21+_T2Y+       memory AND pulse  GG, GG+MM, core                                    True
Bhat_comp_TM-_TY+ GG+MM+TT_T12-_T21+_T2Y+ memory AND oscillation  GG, GG+MM, core                                    True
Bhat_comp_TM-_TY+ GG+MM+TT_T12-_T21-_T2Y+       memory AND pulse  GG, GG+MM, core                                    True
Bhat_comp_TM-_TY+ GG+MM+TT_T12-_T21-_T2Y+ memory AND oscillation  GG, GG+MM, core                                   False
Bhat_comp_TM-_TY+ GG+MM+TT_T12-_T210_T2Y+       memory AND pulse  GG, GG+MM, core                                    True
Bhat_comp_TM-_TY+ GG+MM+TT_T12-_T210_T2Y+ memory AND oscillation  GG, GG+MM, core                                    True
 Bhat_miR_TM0_TY+ GG+MM+TT_T12+_T210_T2Y+       memory AND pulse  GG, GG+MM, core                                   False
 Bhat_miR_TM0_TY+ GG+MM+TT_T12+_T210_T2Y+ memory AND oscillation  GG, GG+MM, core                                    True
 Bhat_miR_TM0_TY+ GG+MM+TT_T12-_T210_T2Y+       memory AND pulse  GG, GG+MM, core                                    True
 Bhat_miR_TM0_TY+ GG+MM+TT_T12-_T210_T2Y+ memory AND oscillation  GG, GG+MM, core                                    True
 Bhat_miR_TM0_TY+ GG+MM+TT_T12-_T210_T2Y-       memory AND pulse  GG, GG+MM, core                                   False
 Bhat_miR_TM0_TY+ GG+MM+TT_T12-_T210_T2Y- memory AND oscillation  GG, GG+MM, core                                   False
