physical: inputs graph_physical_ge_0.900.txt md5 eefa27576652aeee830136d797842049, labels_physical_ge_0.900.txt md5 a522749cbac1302e1c7d7652f9f513d9
CHECK physical: observed counts equal S7's for bhat6_comp_inst 906, bhat6_comp_sets 604, bhat6_mirFFL_inst 3633, bhat6_mirFFL_sets 2264, bhat6_TFFFL_inst 4153, bhat6_TFFFL_sets 2688, model6_full_inst 8, model6_full_sets 2, model6_def_inst 13925, model6_def_sets 8037: True
physical observed: 3node_miRNA_FFL 1355/1355, 3node_TF_FFL 1182/1182, 3node_composite_FFL 1173/1173, 4node_miRNA_FFL 914/911, 4node_TF_FFL 705/702, 4node_composite_FFL 691/688, 5node_miRNA_FFL 611/394, 5node_TF_FFL 447/315, 5node_composite_FFL 447/315, 6node_miRNA_FFL 3633/2264, 6node_TF_FFL 4153/2688, 6node_composite_FFL 906/604
validated: inputs null_validated.txt md5 f8b04fb7221ea7d17e47a49db768e584, labels_validated.txt md5 ad4e85d6f08f25f2ba4bea22878cf2b5
CHECK validated: observed counts equal S7's for bhat3_comp 783, bhat6_comp_inst 3012, bhat6_comp_sets 1926, bhat6_mirFFL_inst 10142, bhat6_mirFFL_sets 6352, bhat6_TFFFL_inst 13252, bhat6_TFFFL_sets 8292, model6_full_inst 228, model6_full_sets 50: True
validated observed: 3node_miRNA_FFL 899/899, 3node_TF_FFL 968/968, 3node_composite_FFL 783/783, 4node_miRNA_FFL 1654/1633, 4node_TF_FFL 1717/1695, 4node_composite_FFL 1359/1339, 5node_miRNA_FFL 1550/997, 5node_TF_FFL 1481/981, 5node_composite_FFL 1264/866, 6node_miRNA_FFL 10142/6352, 6node_TF_FFL 13252/8292, 6node_composite_FFL 3012/1926

  variant             network     count  observed  NULL_B_ratio  NULL_B_p_upper  NULL_C_ratio  NULL_C_p_upper  NULL_C_p_lower  NULL_L_ratio  NULL_L_p_upper  NULL_L_p_lower                                               decision
 physical     3node_miRNA_FFL instances    1355.0      1.059525        0.050949      1.321411        0.000999        1.000000      1.000000        1.000000        1.000000                      explained by the three-node cores
 physical     3node_miRNA_FFL node sets    1355.0      1.059525        0.050949      1.321411        0.000999        1.000000      1.000000        1.000000        1.000000                      explained by the three-node cores
 physical        3node_TF_FFL instances    1182.0      1.077130        0.022977      1.311283        0.000999        1.000000      1.000000        1.000000        1.000000                      explained by the three-node cores
 physical        3node_TF_FFL node sets    1182.0      1.077130        0.022977      1.311283        0.000999        1.000000      1.000000        1.000000        1.000000                      explained by the three-node cores
 physical 3node_composite_FFL instances    1173.0      1.085020        0.017982      1.318662        0.000999        1.000000      1.000000        1.000000        1.000000                      explained by the three-node cores
 physical 3node_composite_FFL node sets    1173.0      1.085020        0.017982      1.318662        0.000999        1.000000      1.000000        1.000000        1.000000                      explained by the three-node cores
 physical     4node_miRNA_FFL instances     914.0      0.815179        0.971029      1.018505        0.437562        0.568432      0.975416        0.617383        0.386613 none of the three (not over-represented, not depleted)
 physical     4node_miRNA_FFL node sets     911.0      0.819727        0.970030      1.022107        0.426573        0.578422      0.976129        0.616384        0.388611 none of the three (not over-represented, not depleted)
 physical        4node_TF_FFL instances     705.0      0.733356        0.997003      0.893297        0.809191        0.194805      0.983486        0.570430        0.434565 none of the three (not over-represented, not depleted)
 physical        4node_TF_FFL node sets     702.0      0.737186        0.997003      0.895950        0.808192        0.197802      0.984326        0.576424        0.431568 none of the three (not over-represented, not depleted)
 physical 4node_composite_FFL instances     691.0      0.730026        0.997003      0.887282        0.824176        0.178821      0.978094        0.601399        0.408591 none of the three (not over-represented, not depleted)
 physical 4node_composite_FFL node sets     688.0      0.733779        0.996004      0.889849        0.819181        0.183816      0.978770        0.595405        0.412587 none of the three (not over-represented, not depleted)
 physical     5node_miRNA_FFL instances     611.0      1.440776        0.045954      1.793919        0.004995        0.996004      3.575316        0.000999        1.000000                                       over-represented
 physical     5node_miRNA_FFL node sets     394.0      0.984045        0.498501      1.231469        0.174825        0.830170      2.448087        0.000999        1.000000 none of the three (not over-represented, not depleted)
 physical        5node_TF_FFL instances     447.0      1.299600        0.117882      1.537636        0.042957        0.959041      4.248323        0.000999        1.000000                                       over-represented
 physical        5node_TF_FFL node sets     315.0      0.962773        0.530470      1.147357        0.272727        0.731269      3.106141        0.000999        1.000000 none of the three (not over-represented, not depleted)
 physical 5node_composite_FFL instances     447.0      1.304470        0.115884      1.543903        0.039960        0.962038      4.266733        0.000999        1.000000                                       over-represented
 physical 5node_composite_FFL node sets     315.0      0.966068        0.524476      1.151379        0.267732        0.735265      3.118102        0.000999        1.000000 none of the three (not over-represented, not depleted)
 physical     6node_miRNA_FFL instances    3633.0      1.241786        0.155844      1.308441        0.107892        0.893107      3.163471        0.000999        1.000000 none of the three (not over-represented, not depleted)
 physical     6node_miRNA_FFL node sets    2264.0      0.836547        0.757243      0.876111        0.679321        0.321678      2.139816        0.000999        1.000000 none of the three (not over-represented, not depleted)
 physical        6node_TF_FFL instances    4153.0      1.337673        0.075924      1.372003        0.078921        0.922078      3.653411        0.000999        1.000000 none of the three (not over-represented, not depleted)
 physical        6node_TF_FFL node sets    2688.0      0.937694        0.568432      0.960470        0.536464        0.464535      2.589391        0.000999        1.000000 none of the three (not over-represented, not depleted)
 physical 6node_composite_FFL instances     906.0      1.476099        0.102897      1.435805        0.108891        0.892108      2.614296        0.001998        0.999001 none of the three (not over-represented, not depleted)
 physical 6node_composite_FFL node sets     604.0      1.102146        0.334665      1.060224        0.379620        0.621379      1.915502        0.015984        0.985015 none of the three (not over-represented, not depleted)
validated     3node_miRNA_FFL instances     899.0      1.063572        0.089910      1.507709        0.000999        1.000000      1.000000        1.000000        1.000000                      explained by the three-node cores
validated     3node_miRNA_FFL node sets     899.0      1.063572        0.089910      1.507709        0.000999        1.000000      1.000000        1.000000        1.000000                      explained by the three-node cores
validated        3node_TF_FFL instances     968.0      1.059146        0.108891      1.450237        0.000999        1.000000      1.000000        1.000000        1.000000                      explained by the three-node cores
validated        3node_TF_FFL node sets     968.0      1.059146        0.108891      1.450237        0.000999        1.000000      1.000000        1.000000        1.000000                      explained by the three-node cores
validated 3node_composite_FFL instances     783.0      1.081021        0.054945      1.487858        0.000999        1.000000      1.000000        1.000000        1.000000                      explained by the three-node cores
validated 3node_composite_FFL node sets     783.0      1.081021        0.054945      1.487858        0.000999        1.000000      1.000000        1.000000        1.000000                      explained by the three-node cores
validated     4node_miRNA_FFL instances    1654.0      0.925433        0.827173      1.307170        0.001998        0.999001      1.023963        0.347652        0.659341                      explained by the three-node cores
validated     4node_miRNA_FFL node sets    1633.0      0.922628        0.840160      1.299483        0.003996        0.997003      1.019428        0.360639        0.645355                      explained by the three-node cores
validated        4node_TF_FFL instances    1717.0      0.890820        0.920080      1.214404        0.019980        0.981019      1.031055        0.303696        0.699301                      explained by the three-node cores
validated        4node_TF_FFL node sets    1695.0      0.887764        0.928072      1.206853        0.022977        0.979021      1.026426        0.326673        0.678322                      explained by the three-node cores
validated 4node_composite_FFL instances    1359.0      0.886476        0.922078      1.216457        0.020979        0.980020      1.030770        0.314685        0.691309                      explained by the three-node cores
validated 4node_composite_FFL node sets    1339.0      0.882446        0.928072      1.207282        0.025974        0.976024      1.025388        0.339660        0.668332                      explained by the three-node cores
validated     5node_miRNA_FFL instances    1550.0      6.288645        0.000999      8.932276        0.000999        1.000000     12.593844        0.000999        1.000000                                       over-represented
validated     5node_miRNA_FFL node sets     997.0      4.397727        0.000999      6.235498        0.000999        1.000000      8.760676        0.000999        1.000000                                       over-represented
validated        5node_TF_FFL instances    1481.0      5.423001        0.000999      7.204639        0.000999        1.000000     12.841189        0.000999        1.000000                                       over-represented
validated        5node_TF_FFL node sets     981.0      3.950373        0.000999      5.258108        0.000999        1.000000      9.127110        0.000999        1.000000                                       over-represented
validated 5node_composite_FFL instances    1264.0      6.039986        0.000999      8.085977        0.000999        1.000000     13.452819        0.000999        1.000000                                       over-represented
validated 5node_composite_FFL node sets     866.0      4.476702        0.000999      6.000097        0.000999        1.000000      9.842699        0.000999        1.000000                                       over-represented
validated     6node_miRNA_FFL instances   10142.0      6.285336        0.000999      6.786357        0.000999        1.000000     11.538217        0.000999        1.000000                                       over-represented
validated     6node_miRNA_FFL node sets    6352.0      4.348100        0.000999      4.658326        0.000999        1.000000      7.937658        0.000999        1.000000                                       over-represented
validated        6node_TF_FFL instances   13252.0      5.907943        0.000999      6.241358        0.000999        1.000000     10.653641        0.000999        1.000000                                       over-represented
validated        6node_TF_FFL node sets    8292.0      4.127881        0.000999      4.340936        0.000999        1.000000      7.513136        0.000999        1.000000                                       over-represented
validated 6node_composite_FFL instances    3012.0      8.088316        0.000999      7.537707        0.000999        1.000000     11.786804        0.000999        1.000000                                       over-represented
validated 6node_composite_FFL node sets    1926.0      5.965175        0.000999      5.476180        0.000999        1.000000      8.434125        0.000999        1.000000                                       over-represented
